--- UC1 OUTPUT ---
=== Train Consist Management App ===
Initial bogie count: 0

--- UC2 OUTPUT ---
Adding: Sleeper
Adding: AC Chair
Adding: First Class
Current Bogies: [Sleeper, AC Chair, First Class]
Removing: AC Chair
Contains 'Sleeper'? true
Final Passenger Bogies (ArrayList): [Sleeper, First Class]

--- UC3 OUTPUT ---
Adding bogie IDs: B1, B2, B3, B1 (duplicate)
Was duplicate 'B1' added? false (Duplicates are ignored automatically)
Unique Bogie IDs (HashSet): [B2, B3, B1]

--- UC4 OUTPUT ---
Initial Ordered Consist: [Engine, Sleeper, AC, Cargo, Guard]
After inserting Pantry Car at index 2: [Engine, Sleeper, Pantry Car, AC, Cargo, Guard]
Removed first bogie: Engine
Removed last bogie: Guard
Final Train Order (LinkedList): [Sleeper, Pantry Car, AC, Cargo]

--- UC5 OUTPUT ---
Initial Ordered+Unique Consist: [Engine, Sleeper, Cargo, Guard]
Tried adding duplicate 'Sleeper'. Was it added? false
Final Formation (LinkedHashSet): [Engine, Sleeper, Cargo, Guard]

--- UC6 OUTPUT ---
Bogie Capacities:
First Class -> 40
Sleeper -> 72
AC Chair -> 60

--- UC7 OUTPUT ---
Bogies Sorted by Capacity:
Bogie{name='B2', capacity=40, type='Passenger'}
Bogie{name='B3', capacity=60, type='Passenger'}
Bogie{name='B1', capacity=72, type='Passenger'}

--- UC8 OUTPUT ---
Bogies with capacity > 60:
Bogie{name='B1', capacity=72, type='Passenger'}

--- UC9 OUTPUT ---
Bogies Grouped by Type:
Type: Cargo
  Bogie{name='C1', capacity=0, type='Cargo'}
Type: Passenger
  Bogie{name='B1', capacity=72, type='Passenger'}
  Bogie{name='B2', capacity=60, type='Passenger'}

--- UC10 OUTPUT ---
Total seating capacity: 172

--- UC11 OUTPUT ---
Regex Validation Results:
TRN-1234 -> Valid Train ID
TRN-123 -> Invalid Format
PET-AB -> Valid Cargo Code
PET-A -> Invalid Format

--- UC12 OUTPUT ---
Safety Compliance Check: Safe

